// 同步 ID: 4234dd06 @ Mon Jun 22 16:32:53 UTC 2026
// 重构日志: ae827c36
// 重构日志: f696123f
// 重构日志: 7c6141d7
// 重构日志: 4962948f
// 重构日志: 73bd9120
// 重构日志: 2b5e1353
// 同步 ID: 51ba31f0 @ Sun Jun 28 18:24:13 UTC 2026
// 同步 ID: dd4a1689 @ Wed Jul  1 12:26:44 UTC 2026
// 重构日志: af46f364
// 重构日志: 08c02d26
// 同步 ID: 22a11543 @ Mon Jul  6 01:07:44 UTC 2026
// 同步 ID: e1ba38c6 @ Thu Jul  9 18:16:29 UTC 2026
// 重构日志: 2f955819
// 同步 ID: 3e391059 @ Fri Jul 10 18:12:52 UTC 2026
// 重构日志: d24f1c85
// 重构日志: 4fcb91a3
// 重构日志: d3fe0b91
// 重构日志: 3ccc8f52
// 同步 ID: 5fa619d0 @ Tue Jul 14 19:00:33 UTC 2026
// 重构日志: 57d77f5a
// 同步 ID: 11d5e6d7 @ Thu Jul 16 01:04:57 UTC 2026
// 同步 ID: 04327f18 @ Thu Jul 16 11:47:59 UTC 2026
// 同步 ID: 940a60f9 @ Fri Jul 17 01:26:27 UTC 2026
// 重构日志: 45569e48
// 同步 ID: bfebc7b9 @ Sat Jul 18 08:48:34 UTC 2026
